Vivado Simulator v2025.2
Copyright 1986-2022 Xilinx, Inc. All Rights Reserved.
Copyright 2022-2025 Advanced Micro Devices, Inc. All Rights Reserved.
Running: /opt/Xilinx/2025.2/Vivado/bin/unwrapped/lnx64.o/xelab --incr --debug typical --relax --mt 8 -L xil_defaultlib -L uvm -L unisims_ver -L unimacro_ver -L secureip --snapshot conv_layer_tb_behav xil_defaultlib.conv_layer_tb xil_defaultlib.glbl -log elaborate.log 
Using 8 slave threads.
WARNING: [XSIM 43-3431] One or more environment variables have been detected which affect the operation of the C compiler. These are typically not set in standard installations and are not tested by AMD, however they may be appropriate for your system, so the flow will attempt to continue.  If errors occur, try running xelab with the "-mt off -v 1" switches to see more information from the C compiler. The following environment variables have been detected:
Starting static elaboration
Pass Through NonSizing Optimizer
WARNING: [VRFC 10-3091] actual bit length 8 differs from formal bit length 6 for port 'idx_x' [/home/eneri/Documents/Projects/mnist-accel/mnist_fpga/mnist_fpga.srcs/sources_1/new/conv_layer.sv:33]
WARNING: [VRFC 10-3091] actual bit length 8 differs from formal bit length 6 for port 'idx_y' [/home/eneri/Documents/Projects/mnist-accel/mnist_fpga/mnist_fpga.srcs/sources_1/new/conv_layer.sv:34]
WARNING: [VRFC 10-3818] variable 'rd_en_ff1' is driven by invalid combination of procedural drivers [/home/eneri/Documents/Projects/mnist-accel/mnist_fpga/mnist_fpga.srcs/sources_1/new/conv_addr_calc.sv:25]
WARNING: [VRFC 10-2921] 'rd_en_ff1' driven by this always_ff block should not be driven by any other process [/home/eneri/Documents/Projects/mnist-accel/mnist_fpga/mnist_fpga.srcs/sources_1/new/conv_addr_calc.sv:31]
WARNING: [VRFC 10-3818] variable 'op_v' is driven by invalid combination of procedural drivers [/home/eneri/Documents/Projects/mnist-accel/mnist_fpga/mnist_fpga.srcs/sources_1/new/conv_addr_calc.sv:17]
WARNING: [VRFC 10-2921] 'op_v' driven by this always_ff block should not be driven by any other process [/home/eneri/Documents/Projects/mnist-accel/mnist_fpga/mnist_fpga.srcs/sources_1/new/conv_addr_calc.sv:43]
Completed static elaboration
Starting simulation data flow analysis
Completed simulation data flow analysis
Time Resolution for simulation is 1ps
Compiling module xil_defaultlib.conv_addr_calc_default
Compiling module xil_defaultlib.conv_mem_default
Compiling module xil_defaultlib.mac_unit
Compiling module xil_defaultlib.conv_dp_default
Compiling module xil_defaultlib.conv_layer
Compiling module xil_defaultlib.conv_layer_tb
Compiling module xil_defaultlib.glbl
Built simulation snapshot conv_layer_tb_behav
