Copyright 1986-2022 Xilinx, Inc. All Rights Reserved. Copyright 2022-2025 Advanced Micro Devices, Inc. All Rights Reserved.
---------------------------------------------------------------------------------------------------------------------------------------------
| Tool Version : Vivado v.2025.2 (lin64) Build 6299465 Fri Nov 14 12:34:56 MST 2025
| Date         : Mon Sep 21 21:45:25 2026
| Host         : spark running 64-bit Ubuntu 26.04.1 LTS
| Command      : report_drc -file fpga_top_drc_opted.rpt -pb fpga_top_drc_opted.pb -rpx fpga_top_drc_opted.rpx
| Design       : fpga_top
| Device       : xc7z020clg400-1
| Speed File   : -1
| Design State : Synthesized
---------------------------------------------------------------------------------------------------------------------------------------------

Report DRC

Table of Contents
-----------------
1. REPORT SUMMARY
2. REPORT DETAILS

1. REPORT SUMMARY
-----------------
            Netlist: netlist
          Floorplan: design_1
      Design limits: <entire design considered>
           Ruledeck: default
             Max checks: <unlimited>
             Checks found: 80
+--------+----------+------------------------+--------+
| Rule   | Severity | Description            | Checks |
+--------+----------+------------------------+--------+
| DPIP-1 | Warning  | Input pipelining       | 54     |
| DPOP-2 | Warning  | MREG Output pipelining | 25     |
| ZPS7-1 | Warning  | PS7 block required     | 1      |
+--------+----------+------------------------+--------+

2. REPORT DETAILS
-----------------
DPIP-1#1 Warning
Input pipelining  
DSP at/conv/cdp/gen_adder2[0].a_u2/op_reg input at/conv/cdp/gen_adder2[0].a_u2/op_reg/A[29:0] is not pipelined. Pipelining DSP48 input will improve performance.
Related violations: <none>

DPIP-1#2 Warning
Input pipelining  
DSP at/conv/cdp/gen_adder2[0].a_u2/op_reg input at/conv/cdp/gen_adder2[0].a_u2/op_reg/B[17:0] is not pipelined. Pipelining DSP48 input will improve performance.
Related violations: <none>

DPIP-1#3 Warning
Input pipelining  
DSP at/conv/cdp/gen_adder2[10].a_u2/op_reg input at/conv/cdp/gen_adder2[10].a_u2/op_reg/A[29:0] is not pipelined. Pipelining DSP48 input will improve performance.
Related violations: <none>

DPIP-1#4 Warning
Input pipelining  
DSP at/conv/cdp/gen_adder2[10].a_u2/op_reg input at/conv/cdp/gen_adder2[10].a_u2/op_reg/B[17:0] is not pipelined. Pipelining DSP48 input will improve performance.
Related violations: <none>

DPIP-1#5 Warning
Input pipelining  
DSP at/conv/cdp/gen_adder2[2].a_u2/op_reg input at/conv/cdp/gen_adder2[2].a_u2/op_reg/A[29:0] is not pipelined. Pipelining DSP48 input will improve performance.
Related violations: <none>

DPIP-1#6 Warning
Input pipelining  
DSP at/conv/cdp/gen_adder2[2].a_u2/op_reg input at/conv/cdp/gen_adder2[2].a_u2/op_reg/B[17:0] is not pipelined. Pipelining DSP48 input will improve performance.
Related violations: <none>

DPIP-1#7 Warning
Input pipelining  
DSP at/conv/cdp/gen_adder2[4].a_u2/op_reg input at/conv/cdp/gen_adder2[4].a_u2/op_reg/A[29:0] is not pipelined. Pipelining DSP48 input will improve performance.
Related violations: <none>

DPIP-1#8 Warning
Input pipelining  
DSP at/conv/cdp/gen_adder2[4].a_u2/op_reg input at/conv/cdp/gen_adder2[4].a_u2/op_reg/B[17:0] is not pipelined. Pipelining DSP48 input will improve performance.
Related violations: <none>

DPIP-1#9 Warning
Input pipelining  
DSP at/conv/cdp/gen_adder2[6].a_u2/op_reg input at/conv/cdp/gen_adder2[6].a_u2/op_reg/A[29:0] is not pipelined. Pipelining DSP48 input will improve performance.
Related violations: <none>

DPIP-1#10 Warning
Input pipelining  
DSP at/conv/cdp/gen_adder2[6].a_u2/op_reg input at/conv/cdp/gen_adder2[6].a_u2/op_reg/B[17:0] is not pipelined. Pipelining DSP48 input will improve performance.
Related violations: <none>

DPIP-1#11 Warning
Input pipelining  
DSP at/conv/cdp/gen_adder2[8].a_u2/op_reg input at/conv/cdp/gen_adder2[8].a_u2/op_reg/A[29:0] is not pipelined. Pipelining DSP48 input will improve performance.
Related violations: <none>

DPIP-1#12 Warning
Input pipelining  
DSP at/conv/cdp/gen_adder2[8].a_u2/op_reg input at/conv/cdp/gen_adder2[8].a_u2/op_reg/B[17:0] is not pipelined. Pipelining DSP48 input will improve performance.
Related violations: <none>

DPIP-1#13 Warning
Input pipelining  
DSP at/fc1/fc1dp/gen_mac_lane[0].calc_reg input at/fc1/fc1dp/gen_mac_lane[0].calc_reg/A[29:0] is not pipelined. Pipelining DSP48 input will improve performance.
Related violations: <none>

DPIP-1#14 Warning
Input pipelining  
DSP at/fc1/fc1dp/gen_mac_lane[0].calc_reg input at/fc1/fc1dp/gen_mac_lane[0].calc_reg/B[17:0] is not pipelined. Pipelining DSP48 input will improve performance.
Related violations: <none>

DPIP-1#15 Warning
Input pipelining  
DSP at/fc1/fc1dp/gen_mac_lane[10].calc_reg input at/fc1/fc1dp/gen_mac_lane[10].calc_reg/A[29:0] is not pipelined. Pipelining DSP48 input will improve performance.
Related violations: <none>

DPIP-1#16 Warning
Input pipelining  
DSP at/fc1/fc1dp/gen_mac_lane[10].calc_reg input at/fc1/fc1dp/gen_mac_lane[10].calc_reg/B[17:0] is not pipelined. Pipelining DSP48 input will improve performance.
Related violations: <none>

DPIP-1#17 Warning
Input pipelining  
DSP at/fc1/fc1dp/gen_mac_lane[11].calc_reg input at/fc1/fc1dp/gen_mac_lane[11].calc_reg/A[29:0] is not pipelined. Pipelining DSP48 input will improve performance.
Related violations: <none>

DPIP-1#18 Warning
Input pipelining  
DSP at/fc1/fc1dp/gen_mac_lane[11].calc_reg input at/fc1/fc1dp/gen_mac_lane[11].calc_reg/B[17:0] is not pipelined. Pipelining DSP48 input will improve performance.
Related violations: <none>

DPIP-1#19 Warning
Input pipelining  
DSP at/fc1/fc1dp/gen_mac_lane[12].calc_reg input at/fc1/fc1dp/gen_mac_lane[12].calc_reg/A[29:0] is not pipelined. Pipelining DSP48 input will improve performance.
Related violations: <none>

DPIP-1#20 Warning
Input pipelining  
DSP at/fc1/fc1dp/gen_mac_lane[12].calc_reg input at/fc1/fc1dp/gen_mac_lane[12].calc_reg/B[17:0] is not pipelined. Pipelining DSP48 input will improve performance.
Related violations: <none>

DPIP-1#21 Warning
Input pipelining  
DSP at/fc1/fc1dp/gen_mac_lane[13].calc_reg input at/fc1/fc1dp/gen_mac_lane[13].calc_reg/A[29:0] is not pipelined. Pipelining DSP48 input will improve performance.
Related violations: <none>

DPIP-1#22 Warning
Input pipelining  
DSP at/fc1/fc1dp/gen_mac_lane[13].calc_reg input at/fc1/fc1dp/gen_mac_lane[13].calc_reg/B[17:0] is not pipelined. Pipelining DSP48 input will improve performance.
Related violations: <none>

DPIP-1#23 Warning
Input pipelining  
DSP at/fc1/fc1dp/gen_mac_lane[14].calc_reg input at/fc1/fc1dp/gen_mac_lane[14].calc_reg/A[29:0] is not pipelined. Pipelining DSP48 input will improve performance.
Related violations: <none>

DPIP-1#24 Warning
Input pipelining  
DSP at/fc1/fc1dp/gen_mac_lane[14].calc_reg input at/fc1/fc1dp/gen_mac_lane[14].calc_reg/B[17:0] is not pipelined. Pipelining DSP48 input will improve performance.
Related violations: <none>

DPIP-1#25 Warning
Input pipelining  
DSP at/fc1/fc1dp/gen_mac_lane[15].calc_reg input at/fc1/fc1dp/gen_mac_lane[15].calc_reg/A[29:0] is not pipelined. Pipelining DSP48 input will improve performance.
Related violations: <none>

DPIP-1#26 Warning
Input pipelining  
DSP at/fc1/fc1dp/gen_mac_lane[15].calc_reg input at/fc1/fc1dp/gen_mac_lane[15].calc_reg/B[17:0] is not pipelined. Pipelining DSP48 input will improve performance.
Related violations: <none>

DPIP-1#27 Warning
Input pipelining  
DSP at/fc1/fc1dp/gen_mac_lane[1].calc_reg input at/fc1/fc1dp/gen_mac_lane[1].calc_reg/A[29:0] is not pipelined. Pipelining DSP48 input will improve performance.
Related violations: <none>

DPIP-1#28 Warning
Input pipelining  
DSP at/fc1/fc1dp/gen_mac_lane[1].calc_reg input at/fc1/fc1dp/gen_mac_lane[1].calc_reg/B[17:0] is not pipelined. Pipelining DSP48 input will improve performance.
Related violations: <none>

DPIP-1#29 Warning
Input pipelining  
DSP at/fc1/fc1dp/gen_mac_lane[2].calc_reg input at/fc1/fc1dp/gen_mac_lane[2].calc_reg/A[29:0] is not pipelined. Pipelining DSP48 input will improve performance.
Related violations: <none>

DPIP-1#30 Warning
Input pipelining  
DSP at/fc1/fc1dp/gen_mac_lane[2].calc_reg input at/fc1/fc1dp/gen_mac_lane[2].calc_reg/B[17:0] is not pipelined. Pipelining DSP48 input will improve performance.
Related violations: <none>

DPIP-1#31 Warning
Input pipelining  
DSP at/fc1/fc1dp/gen_mac_lane[3].calc_reg input at/fc1/fc1dp/gen_mac_lane[3].calc_reg/A[29:0] is not pipelined. Pipelining DSP48 input will improve performance.
Related violations: <none>

DPIP-1#32 Warning
Input pipelining  
DSP at/fc1/fc1dp/gen_mac_lane[3].calc_reg input at/fc1/fc1dp/gen_mac_lane[3].calc_reg/B[17:0] is not pipelined. Pipelining DSP48 input will improve performance.
Related violations: <none>

DPIP-1#33 Warning
Input pipelining  
DSP at/fc1/fc1dp/gen_mac_lane[4].calc_reg input at/fc1/fc1dp/gen_mac_lane[4].calc_reg/A[29:0] is not pipelined. Pipelining DSP48 input will improve performance.
Related violations: <none>

DPIP-1#34 Warning
Input pipelining  
DSP at/fc1/fc1dp/gen_mac_lane[4].calc_reg input at/fc1/fc1dp/gen_mac_lane[4].calc_reg/B[17:0] is not pipelined. Pipelining DSP48 input will improve performance.
Related violations: <none>

DPIP-1#35 Warning
Input pipelining  
DSP at/fc1/fc1dp/gen_mac_lane[5].calc_reg input at/fc1/fc1dp/gen_mac_lane[5].calc_reg/A[29:0] is not pipelined. Pipelining DSP48 input will improve performance.
Related violations: <none>

DPIP-1#36 Warning
Input pipelining  
DSP at/fc1/fc1dp/gen_mac_lane[5].calc_reg input at/fc1/fc1dp/gen_mac_lane[5].calc_reg/B[17:0] is not pipelined. Pipelining DSP48 input will improve performance.
Related violations: <none>

DPIP-1#37 Warning
Input pipelining  
DSP at/fc1/fc1dp/gen_mac_lane[6].calc_reg input at/fc1/fc1dp/gen_mac_lane[6].calc_reg/A[29:0] is not pipelined. Pipelining DSP48 input will improve performance.
Related violations: <none>

DPIP-1#38 Warning
Input pipelining  
DSP at/fc1/fc1dp/gen_mac_lane[6].calc_reg input at/fc1/fc1dp/gen_mac_lane[6].calc_reg/B[17:0] is not pipelined. Pipelining DSP48 input will improve performance.
Related violations: <none>

DPIP-1#39 Warning
Input pipelining  
DSP at/fc1/fc1dp/gen_mac_lane[7].calc_reg input at/fc1/fc1dp/gen_mac_lane[7].calc_reg/A[29:0] is not pipelined. Pipelining DSP48 input will improve performance.
Related violations: <none>

DPIP-1#40 Warning
Input pipelining  
DSP at/fc1/fc1dp/gen_mac_lane[7].calc_reg input at/fc1/fc1dp/gen_mac_lane[7].calc_reg/B[17:0] is not pipelined. Pipelining DSP48 input will improve performance.
Related violations: <none>

DPIP-1#41 Warning
Input pipelining  
DSP at/fc1/fc1dp/gen_mac_lane[8].calc_reg input at/fc1/fc1dp/gen_mac_lane[8].calc_reg/A[29:0] is not pipelined. Pipelining DSP48 input will improve performance.
Related violations: <none>

DPIP-1#42 Warning
Input pipelining  
DSP at/fc1/fc1dp/gen_mac_lane[8].calc_reg input at/fc1/fc1dp/gen_mac_lane[8].calc_reg/B[17:0] is not pipelined. Pipelining DSP48 input will improve performance.
Related violations: <none>

DPIP-1#43 Warning
Input pipelining  
DSP at/fc1/fc1dp/gen_mac_lane[9].calc_reg input at/fc1/fc1dp/gen_mac_lane[9].calc_reg/A[29:0] is not pipelined. Pipelining DSP48 input will improve performance.
Related violations: <none>

DPIP-1#44 Warning
Input pipelining  
DSP at/fc1/fc1dp/gen_mac_lane[9].calc_reg input at/fc1/fc1dp/gen_mac_lane[9].calc_reg/B[17:0] is not pipelined. Pipelining DSP48 input will improve performance.
Related violations: <none>

DPIP-1#45 Warning
Input pipelining  
DSP at/fc2/fc2d/gen_lane[0].acc_reg input at/fc2/fc2d/gen_lane[0].acc_reg/A[29:0] is not pipelined. Pipelining DSP48 input will improve performance.
Related violations: <none>

DPIP-1#46 Warning
Input pipelining  
DSP at/fc2/fc2d/gen_lane[1].acc_reg input at/fc2/fc2d/gen_lane[1].acc_reg/A[29:0] is not pipelined. Pipelining DSP48 input will improve performance.
Related violations: <none>

DPIP-1#47 Warning
Input pipelining  
DSP at/fc2/fc2d/gen_lane[2].acc_reg input at/fc2/fc2d/gen_lane[2].acc_reg/A[29:0] is not pipelined. Pipelining DSP48 input will improve performance.
Related violations: <none>

DPIP-1#48 Warning
Input pipelining  
DSP at/fc2/fc2d/gen_lane[3].acc_reg input at/fc2/fc2d/gen_lane[3].acc_reg/A[29:0] is not pipelined. Pipelining DSP48 input will improve performance.
Related violations: <none>

DPIP-1#49 Warning
Input pipelining  
DSP at/fc2/fc2d/gen_lane[4].acc_reg input at/fc2/fc2d/gen_lane[4].acc_reg/A[29:0] is not pipelined. Pipelining DSP48 input will improve performance.
Related violations: <none>

DPIP-1#50 Warning
Input pipelining  
DSP at/fc2/fc2d/gen_lane[5].acc_reg input at/fc2/fc2d/gen_lane[5].acc_reg/A[29:0] is not pipelined. Pipelining DSP48 input will improve performance.
Related violations: <none>

DPIP-1#51 Warning
Input pipelining  
DSP at/fc2/fc2d/gen_lane[6].acc_reg input at/fc2/fc2d/gen_lane[6].acc_reg/A[29:0] is not pipelined. Pipelining DSP48 input will improve performance.
Related violations: <none>

DPIP-1#52 Warning
Input pipelining  
DSP at/fc2/fc2d/gen_lane[7].acc_reg input at/fc2/fc2d/gen_lane[7].acc_reg/A[29:0] is not pipelined. Pipelining DSP48 input will improve performance.
Related violations: <none>

DPIP-1#53 Warning
Input pipelining  
DSP at/fc2/fc2d/gen_lane[8].acc_reg input at/fc2/fc2d/gen_lane[8].acc_reg/A[29:0] is not pipelined. Pipelining DSP48 input will improve performance.
Related violations: <none>

DPIP-1#54 Warning
Input pipelining  
DSP at/fc2/fc2d/gen_lane[9].acc_reg input at/fc2/fc2d/gen_lane[9].acc_reg/A[29:0] is not pipelined. Pipelining DSP48 input will improve performance.
Related violations: <none>

DPOP-2#1 Warning
MREG Output pipelining  
DSP at/conv/cac/gen_conv_addrs[0].img_rd_addr_reg[0] multiplier stage at/conv/cac/gen_conv_addrs[0].img_rd_addr_reg[0]/P[47:0] is not pipelined (MREG=0). Pipelining the multiplier function will improve performance and will save significant power so it is suggested whenever possible to fully pipeline this function.  If this multiplier was inferred, it is suggested to describe an additional register stage after this function.  If there is no registered adder/accumulator following the multiply function, two pipeline stages are suggested to allow both the MREG and PREG registers to be used.  If the DSP48 was instantiated in the design, it is suggested to set both the MREG and PREG attributes to 1 when performing multiply functions.
Related violations: <none>

DPOP-2#2 Warning
MREG Output pipelining  
DSP at/conv/cac/gen_conv_addrs[10].img_rd_addr_reg[10] multiplier stage at/conv/cac/gen_conv_addrs[10].img_rd_addr_reg[10]/P[47:0] is not pipelined (MREG=0). Pipelining the multiplier function will improve performance and will save significant power so it is suggested whenever possible to fully pipeline this function.  If this multiplier was inferred, it is suggested to describe an additional register stage after this function.  If there is no registered adder/accumulator following the multiply function, two pipeline stages are suggested to allow both the MREG and PREG registers to be used.  If the DSP48 was instantiated in the design, it is suggested to set both the MREG and PREG attributes to 1 when performing multiply functions.
Related violations: <none>

DPOP-2#3 Warning
MREG Output pipelining  
DSP at/conv/cac/gen_conv_addrs[11].img_rd_addr_reg[11] multiplier stage at/conv/cac/gen_conv_addrs[11].img_rd_addr_reg[11]/P[47:0] is not pipelined (MREG=0). Pipelining the multiplier function will improve performance and will save significant power so it is suggested whenever possible to fully pipeline this function.  If this multiplier was inferred, it is suggested to describe an additional register stage after this function.  If there is no registered adder/accumulator following the multiply function, two pipeline stages are suggested to allow both the MREG and PREG registers to be used.  If the DSP48 was instantiated in the design, it is suggested to set both the MREG and PREG attributes to 1 when performing multiply functions.
Related violations: <none>

DPOP-2#4 Warning
MREG Output pipelining  
DSP at/conv/cac/gen_conv_addrs[12].img_rd_addr_reg[12] multiplier stage at/conv/cac/gen_conv_addrs[12].img_rd_addr_reg[12]/P[47:0] is not pipelined (MREG=0). Pipelining the multiplier function will improve performance and will save significant power so it is suggested whenever possible to fully pipeline this function.  If this multiplier was inferred, it is suggested to describe an additional register stage after this function.  If there is no registered adder/accumulator following the multiply function, two pipeline stages are suggested to allow both the MREG and PREG registers to be used.  If the DSP48 was instantiated in the design, it is suggested to set both the MREG and PREG attributes to 1 when performing multiply functions.
Related violations: <none>

DPOP-2#5 Warning
MREG Output pipelining  
DSP at/conv/cac/gen_conv_addrs[13].img_rd_addr_reg[13] multiplier stage at/conv/cac/gen_conv_addrs[13].img_rd_addr_reg[13]/P[47:0] is not pipelined (MREG=0). Pipelining the multiplier function will improve performance and will save significant power so it is suggested whenever possible to fully pipeline this function.  If this multiplier was inferred, it is suggested to describe an additional register stage after this function.  If there is no registered adder/accumulator following the multiply function, two pipeline stages are suggested to allow both the MREG and PREG registers to be used.  If the DSP48 was instantiated in the design, it is suggested to set both the MREG and PREG attributes to 1 when performing multiply functions.
Related violations: <none>

DPOP-2#6 Warning
MREG Output pipelining  
DSP at/conv/cac/gen_conv_addrs[14].img_rd_addr_reg[14] multiplier stage at/conv/cac/gen_conv_addrs[14].img_rd_addr_reg[14]/P[47:0] is not pipelined (MREG=0). Pipelining the multiplier function will improve performance and will save significant power so it is suggested whenever possible to fully pipeline this function.  If this multiplier was inferred, it is suggested to describe an additional register stage after this function.  If there is no registered adder/accumulator following the multiply function, two pipeline stages are suggested to allow both the MREG and PREG registers to be used.  If the DSP48 was instantiated in the design, it is suggested to set both the MREG and PREG attributes to 1 when performing multiply functions.
Related violations: <none>

DPOP-2#7 Warning
MREG Output pipelining  
DSP at/conv/cac/gen_conv_addrs[15].img_rd_addr_reg[15] multiplier stage at/conv/cac/gen_conv_addrs[15].img_rd_addr_reg[15]/P[47:0] is not pipelined (MREG=0). Pipelining the multiplier function will improve performance and will save significant power so it is suggested whenever possible to fully pipeline this function.  If this multiplier was inferred, it is suggested to describe an additional register stage after this function.  If there is no registered adder/accumulator following the multiply function, two pipeline stages are suggested to allow both the MREG and PREG registers to be used.  If the DSP48 was instantiated in the design, it is suggested to set both the MREG and PREG attributes to 1 when performing multiply functions.
Related violations: <none>

DPOP-2#8 Warning
MREG Output pipelining  
DSP at/conv/cac/gen_conv_addrs[16].img_rd_addr_reg[16] multiplier stage at/conv/cac/gen_conv_addrs[16].img_rd_addr_reg[16]/P[47:0] is not pipelined (MREG=0). Pipelining the multiplier function will improve performance and will save significant power so it is suggested whenever possible to fully pipeline this function.  If this multiplier was inferred, it is suggested to describe an additional register stage after this function.  If there is no registered adder/accumulator following the multiply function, two pipeline stages are suggested to allow both the MREG and PREG registers to be used.  If the DSP48 was instantiated in the design, it is suggested to set both the MREG and PREG attributes to 1 when performing multiply functions.
Related violations: <none>

DPOP-2#9 Warning
MREG Output pipelining  
DSP at/conv/cac/gen_conv_addrs[17].img_rd_addr_reg[17] multiplier stage at/conv/cac/gen_conv_addrs[17].img_rd_addr_reg[17]/P[47:0] is not pipelined (MREG=0). Pipelining the multiplier function will improve performance and will save significant power so it is suggested whenever possible to fully pipeline this function.  If this multiplier was inferred, it is suggested to describe an additional register stage after this function.  If there is no registered adder/accumulator following the multiply function, two pipeline stages are suggested to allow both the MREG and PREG registers to be used.  If the DSP48 was instantiated in the design, it is suggested to set both the MREG and PREG attributes to 1 when performing multiply functions.
Related violations: <none>

DPOP-2#10 Warning
MREG Output pipelining  
DSP at/conv/cac/gen_conv_addrs[18].img_rd_addr_reg[18] multiplier stage at/conv/cac/gen_conv_addrs[18].img_rd_addr_reg[18]/P[47:0] is not pipelined (MREG=0). Pipelining the multiplier function will improve performance and will save significant power so it is suggested whenever possible to fully pipeline this function.  If this multiplier was inferred, it is suggested to describe an additional register stage after this function.  If there is no registered adder/accumulator following the multiply function, two pipeline stages are suggested to allow both the MREG and PREG registers to be used.  If the DSP48 was instantiated in the design, it is suggested to set both the MREG and PREG attributes to 1 when performing multiply functions.
Related violations: <none>

DPOP-2#11 Warning
MREG Output pipelining  
DSP at/conv/cac/gen_conv_addrs[19].img_rd_addr_reg[19] multiplier stage at/conv/cac/gen_conv_addrs[19].img_rd_addr_reg[19]/P[47:0] is not pipelined (MREG=0). Pipelining the multiplier function will improve performance and will save significant power so it is suggested whenever possible to fully pipeline this function.  If this multiplier was inferred, it is suggested to describe an additional register stage after this function.  If there is no registered adder/accumulator following the multiply function, two pipeline stages are suggested to allow both the MREG and PREG registers to be used.  If the DSP48 was instantiated in the design, it is suggested to set both the MREG and PREG attributes to 1 when performing multiply functions.
Related violations: <none>

DPOP-2#12 Warning
MREG Output pipelining  
DSP at/conv/cac/gen_conv_addrs[1].img_rd_addr_reg[1] multiplier stage at/conv/cac/gen_conv_addrs[1].img_rd_addr_reg[1]/P[47:0] is not pipelined (MREG=0). Pipelining the multiplier function will improve performance and will save significant power so it is suggested whenever possible to fully pipeline this function.  If this multiplier was inferred, it is suggested to describe an additional register stage after this function.  If there is no registered adder/accumulator following the multiply function, two pipeline stages are suggested to allow both the MREG and PREG registers to be used.  If the DSP48 was instantiated in the design, it is suggested to set both the MREG and PREG attributes to 1 when performing multiply functions.
Related violations: <none>

DPOP-2#13 Warning
MREG Output pipelining  
DSP at/conv/cac/gen_conv_addrs[20].img_rd_addr_reg[20] multiplier stage at/conv/cac/gen_conv_addrs[20].img_rd_addr_reg[20]/P[47:0] is not pipelined (MREG=0). Pipelining the multiplier function will improve performance and will save significant power so it is suggested whenever possible to fully pipeline this function.  If this multiplier was inferred, it is suggested to describe an additional register stage after this function.  If there is no registered adder/accumulator following the multiply function, two pipeline stages are suggested to allow both the MREG and PREG registers to be used.  If the DSP48 was instantiated in the design, it is suggested to set both the MREG and PREG attributes to 1 when performing multiply functions.
Related violations: <none>

DPOP-2#14 Warning
MREG Output pipelining  
DSP at/conv/cac/gen_conv_addrs[21].img_rd_addr_reg[21] multiplier stage at/conv/cac/gen_conv_addrs[21].img_rd_addr_reg[21]/P[47:0] is not pipelined (MREG=0). Pipelining the multiplier function will improve performance and will save significant power so it is suggested whenever possible to fully pipeline this function.  If this multiplier was inferred, it is suggested to describe an additional register stage after this function.  If there is no registered adder/accumulator following the multiply function, two pipeline stages are suggested to allow both the MREG and PREG registers to be used.  If the DSP48 was instantiated in the design, it is suggested to set both the MREG and PREG attributes to 1 when performing multiply functions.
Related violations: <none>

DPOP-2#15 Warning
MREG Output pipelining  
DSP at/conv/cac/gen_conv_addrs[22].img_rd_addr_reg[22] multiplier stage at/conv/cac/gen_conv_addrs[22].img_rd_addr_reg[22]/P[47:0] is not pipelined (MREG=0). Pipelining the multiplier function will improve performance and will save significant power so it is suggested whenever possible to fully pipeline this function.  If this multiplier was inferred, it is suggested to describe an additional register stage after this function.  If there is no registered adder/accumulator following the multiply function, two pipeline stages are suggested to allow both the MREG and PREG registers to be used.  If the DSP48 was instantiated in the design, it is suggested to set both the MREG and PREG attributes to 1 when performing multiply functions.
Related violations: <none>

DPOP-2#16 Warning
MREG Output pipelining  
DSP at/conv/cac/gen_conv_addrs[23].img_rd_addr_reg[23] multiplier stage at/conv/cac/gen_conv_addrs[23].img_rd_addr_reg[23]/P[47:0] is not pipelined (MREG=0). Pipelining the multiplier function will improve performance and will save significant power so it is suggested whenever possible to fully pipeline this function.  If this multiplier was inferred, it is suggested to describe an additional register stage after this function.  If there is no registered adder/accumulator following the multiply function, two pipeline stages are suggested to allow both the MREG and PREG registers to be used.  If the DSP48 was instantiated in the design, it is suggested to set both the MREG and PREG attributes to 1 when performing multiply functions.
Related violations: <none>

DPOP-2#17 Warning
MREG Output pipelining  
DSP at/conv/cac/gen_conv_addrs[24].img_rd_addr_reg[24] multiplier stage at/conv/cac/gen_conv_addrs[24].img_rd_addr_reg[24]/P[47:0] is not pipelined (MREG=0). Pipelining the multiplier function will improve performance and will save significant power so it is suggested whenever possible to fully pipeline this function.  If this multiplier was inferred, it is suggested to describe an additional register stage after this function.  If there is no registered adder/accumulator following the multiply function, two pipeline stages are suggested to allow both the MREG and PREG registers to be used.  If the DSP48 was instantiated in the design, it is suggested to set both the MREG and PREG attributes to 1 when performing multiply functions.
Related violations: <none>

DPOP-2#18 Warning
MREG Output pipelining  
DSP at/conv/cac/gen_conv_addrs[2].img_rd_addr_reg[2] multiplier stage at/conv/cac/gen_conv_addrs[2].img_rd_addr_reg[2]/P[47:0] is not pipelined (MREG=0). Pipelining the multiplier function will improve performance and will save significant power so it is suggested whenever possible to fully pipeline this function.  If this multiplier was inferred, it is suggested to describe an additional register stage after this function.  If there is no registered adder/accumulator following the multiply function, two pipeline stages are suggested to allow both the MREG and PREG registers to be used.  If the DSP48 was instantiated in the design, it is suggested to set both the MREG and PREG attributes to 1 when performing multiply functions.
Related violations: <none>

DPOP-2#19 Warning
MREG Output pipelining  
DSP at/conv/cac/gen_conv_addrs[3].img_rd_addr_reg[3] multiplier stage at/conv/cac/gen_conv_addrs[3].img_rd_addr_reg[3]/P[47:0] is not pipelined (MREG=0). Pipelining the multiplier function will improve performance and will save significant power so it is suggested whenever possible to fully pipeline this function.  If this multiplier was inferred, it is suggested to describe an additional register stage after this function.  If there is no registered adder/accumulator following the multiply function, two pipeline stages are suggested to allow both the MREG and PREG registers to be used.  If the DSP48 was instantiated in the design, it is suggested to set both the MREG and PREG attributes to 1 when performing multiply functions.
Related violations: <none>

DPOP-2#20 Warning
MREG Output pipelining  
DSP at/conv/cac/gen_conv_addrs[4].img_rd_addr_reg[4] multiplier stage at/conv/cac/gen_conv_addrs[4].img_rd_addr_reg[4]/P[47:0] is not pipelined (MREG=0). Pipelining the multiplier function will improve performance and will save significant power so it is suggested whenever possible to fully pipeline this function.  If this multiplier was inferred, it is suggested to describe an additional register stage after this function.  If there is no registered adder/accumulator following the multiply function, two pipeline stages are suggested to allow both the MREG and PREG registers to be used.  If the DSP48 was instantiated in the design, it is suggested to set both the MREG and PREG attributes to 1 when performing multiply functions.
Related violations: <none>

DPOP-2#21 Warning
MREG Output pipelining  
DSP at/conv/cac/gen_conv_addrs[5].img_rd_addr_reg[5] multiplier stage at/conv/cac/gen_conv_addrs[5].img_rd_addr_reg[5]/P[47:0] is not pipelined (MREG=0). Pipelining the multiplier function will improve performance and will save significant power so it is suggested whenever possible to fully pipeline this function.  If this multiplier was inferred, it is suggested to describe an additional register stage after this function.  If there is no registered adder/accumulator following the multiply function, two pipeline stages are suggested to allow both the MREG and PREG registers to be used.  If the DSP48 was instantiated in the design, it is suggested to set both the MREG and PREG attributes to 1 when performing multiply functions.
Related violations: <none>

DPOP-2#22 Warning
MREG Output pipelining  
DSP at/conv/cac/gen_conv_addrs[6].img_rd_addr_reg[6] multiplier stage at/conv/cac/gen_conv_addrs[6].img_rd_addr_reg[6]/P[47:0] is not pipelined (MREG=0). Pipelining the multiplier function will improve performance and will save significant power so it is suggested whenever possible to fully pipeline this function.  If this multiplier was inferred, it is suggested to describe an additional register stage after this function.  If there is no registered adder/accumulator following the multiply function, two pipeline stages are suggested to allow both the MREG and PREG registers to be used.  If the DSP48 was instantiated in the design, it is suggested to set both the MREG and PREG attributes to 1 when performing multiply functions.
Related violations: <none>

DPOP-2#23 Warning
MREG Output pipelining  
DSP at/conv/cac/gen_conv_addrs[7].img_rd_addr_reg[7] multiplier stage at/conv/cac/gen_conv_addrs[7].img_rd_addr_reg[7]/P[47:0] is not pipelined (MREG=0). Pipelining the multiplier function will improve performance and will save significant power so it is suggested whenever possible to fully pipeline this function.  If this multiplier was inferred, it is suggested to describe an additional register stage after this function.  If there is no registered adder/accumulator following the multiply function, two pipeline stages are suggested to allow both the MREG and PREG registers to be used.  If the DSP48 was instantiated in the design, it is suggested to set both the MREG and PREG attributes to 1 when performing multiply functions.
Related violations: <none>

DPOP-2#24 Warning
MREG Output pipelining  
DSP at/conv/cac/gen_conv_addrs[8].img_rd_addr_reg[8] multiplier stage at/conv/cac/gen_conv_addrs[8].img_rd_addr_reg[8]/P[47:0] is not pipelined (MREG=0). Pipelining the multiplier function will improve performance and will save significant power so it is suggested whenever possible to fully pipeline this function.  If this multiplier was inferred, it is suggested to describe an additional register stage after this function.  If there is no registered adder/accumulator following the multiply function, two pipeline stages are suggested to allow both the MREG and PREG registers to be used.  If the DSP48 was instantiated in the design, it is suggested to set both the MREG and PREG attributes to 1 when performing multiply functions.
Related violations: <none>

DPOP-2#25 Warning
MREG Output pipelining  
DSP at/conv/cac/gen_conv_addrs[9].img_rd_addr_reg[9] multiplier stage at/conv/cac/gen_conv_addrs[9].img_rd_addr_reg[9]/P[47:0] is not pipelined (MREG=0). Pipelining the multiplier function will improve performance and will save significant power so it is suggested whenever possible to fully pipeline this function.  If this multiplier was inferred, it is suggested to describe an additional register stage after this function.  If there is no registered adder/accumulator following the multiply function, two pipeline stages are suggested to allow both the MREG and PREG registers to be used.  If the DSP48 was instantiated in the design, it is suggested to set both the MREG and PREG attributes to 1 when performing multiply functions.
Related violations: <none>

ZPS7-1#1 Warning
PS7 block required  
The PS7 cell must be used in this Zynq design in order to enable correct default configuration.
Related violations: <none>


