Copyright 1986-2022 Xilinx, Inc. All Rights Reserved. Copyright 2022-2025 Advanced Micro Devices, Inc. All Rights Reserved.
---------------------------------------------------------------------------------------------------------------------------------------------
| Tool Version : Vivado v.2025.2 (lin64) Build 6299465 Fri Nov 14 12:34:56 MST 2025
| Date         : Mon Sep 21 21:45:53 2026
| Host         : spark running 64-bit Ubuntu 26.04.1 LTS
| Command      : report_control_sets -verbose -file fpga_top_control_sets_placed.rpt
| Design       : fpga_top
| Device       : xc7z020
---------------------------------------------------------------------------------------------------------------------------------------------

Control Set Information

Table of Contents
-----------------
1. Summary
2. Histogram
3. Flip-Flop Distribution
4. Detailed Control Set Information

1. Summary
----------

+----------------------------------------------------------+-------+
|                          Status                          | Count |
+----------------------------------------------------------+-------+
| Total control sets                                       |   190 |
|    Minimum number of control sets                        |   190 |
|    Addition due to synthesis replication                 |     0 |
|    Addition due to physical synthesis replication        |     0 |
| Unused register locations in slices containing registers |    78 |
+----------------------------------------------------------+-------+
* Control sets can be merged at opt_design using control_set_merge or merge_equivalent_drivers
** Run report_qor_suggestions for automated merging and remapping suggestions


2. Histogram
------------

+--------------------+-------+
|       Fanout       | Count |
+--------------------+-------+
| Total control sets |   190 |
| >= 0 to < 4        |     1 |
| >= 4 to < 6        |     4 |
| >= 6 to < 8        |     3 |
| >= 8 to < 10       |     8 |
| >= 10 to < 12      |     2 |
| >= 12 to < 14      |     0 |
| >= 14 to < 16      |     0 |
| >= 16              |   172 |
+--------------------+-------+
* Control sets can be remapped at either synth_design or opt_design


3. Flip-Flop Distribution
-------------------------

+--------------+-----------------------+------------------------+-----------------+--------------+
| Clock Enable | Synchronous Set/Reset | Asynchronous Set/Reset | Total Registers | Total Slices |
+--------------+-----------------------+------------------------+-----------------+--------------+
| No           | No                    | No                     |             171 |           36 |
| No           | No                    | Yes                    |               0 |            0 |
| No           | Yes                   | No                     |            2935 |          934 |
| Yes          | No                    | No                     |           18944 |         4771 |
| Yes          | No                    | Yes                    |               0 |            0 |
| Yes          | Yes                   | No                     |             816 |          260 |
+--------------+-----------------------+------------------------+-----------------+--------------+


4. Detailed Control Set Information
-----------------------------------

+----------------+-----------------------------------------------------------+----------------------------------------------------+------------------+----------------+--------------+
|  Clock Signal  |                       Enable Signal                       |                  Set/Reset Signal                  | Slice Load Count | Bel Load Count | Bels / Slice |
+----------------+-----------------------------------------------------------+----------------------------------------------------+------------------+----------------+--------------+
|  clk_IBUF_BUFG | at/done                                                   | ucmd/start_reg_0                                   |                1 |              1 |         1.00 |
|  clk_IBUF_BUFG | fc1/fc1dp/RSTM                                            | btn_sync                                           |                3 |              4 |         1.33 |
|  clk_IBUF_BUFG | at/conv/wt_load_en_i_1_n_0                                | fc1/fc1dp/RSTM                                     |                1 |              4 |         4.00 |
|  clk_IBUF_BUFG | at/fc1/block_addr_ip[3]_i_1_n_0                           | fc1/fc1dp/RSTM                                     |                2 |              4 |         2.00 |
|  clk_IBUF_BUFG | at/conv/filter_idx[0]                                     | fc1/fc1dp/RSTM                                     |                1 |              5 |         5.00 |
|  clk_IBUF_BUFG | at/pool/idx_y[5]_i_1__0_n_0                               | fc1/fc1dp/RSTM                                     |                3 |              6 |         2.00 |
|  clk_IBUF_BUFG | at/conv/idx_x[0]                                          | fc1/fc1dp/RSTM                                     |                2 |              6 |         3.00 |
|  clk_IBUF_BUFG | at/conv/idx_y[0]                                          | fc1/fc1dp/RSTM                                     |                2 |              6 |         3.00 |
|  clk_IBUF_BUFG | at/fc2/idx_addr[0]                                        | fc1/fc1dp/RSTM                                     |                2 |              8 |         4.00 |
|  clk_IBUF_BUFG | at/pool/pdb/E[0]                                          | fc1/fc1dp/RSTM                                     |                2 |              8 |         4.00 |
|  clk_IBUF_BUFG | at/pool/send_ctr[7]_i_1__0_n_0                            | fc1/fc1dp/RSTM                                     |                2 |              8 |         4.00 |
|  clk_IBUF_BUFG | urx/rx_data[7]_i_1_n_0                                    | fc1/fc1dp/RSTM                                     |                3 |              8 |         2.67 |
|  clk_IBUF_BUFG | urx/E[0]                                                  | fc1/fc1dp/RSTM                                     |                2 |              8 |         4.00 |
|  clk_IBUF_BUFG | urx/rx_v_reg_2[0]                                         | fc1/fc1dp/RSTM                                     |                2 |              8 |         4.00 |
|  clk_IBUF_BUFG | urx/shreg_0[0]                                            | fc1/fc1dp/RSTM                                     |                3 |              8 |         2.67 |
|  clk_IBUF_BUFG | at/am/E[0]                                                | fc1/fc1dp/RSTM                                     |                2 |              9 |         4.50 |
|  clk_IBUF_BUFG | at/conv/cdp/E[0]                                          | fc1/fc1dp/RSTM                                     |                4 |             10 |         2.50 |
|  clk_IBUF_BUFG | at/conv/send_ctr[9]_i_1_n_0                               | fc1/fc1dp/RSTM                                     |                3 |             10 |         3.33 |
|  clk_IBUF_BUFG | at/pool/idx_x_reg[4]_i_1_n_0                              | fc1/fc1dp/RSTM                                     |                6 |             17 |         2.83 |
|  clk_IBUF_BUFG | at/conv/cm/lane_weights_v                                 | fc1/fc1dp/RSTM                                     |                6 |             18 |         3.00 |
|  clk_IBUF_BUFG | at/fc1/wt_addr_ip[11]_i_1_n_0                             | fc1/fc1dp/RSTM                                     |                8 |             20 |         2.50 |
|  clk_IBUF_BUFG |                                                           | at/conv/cdp/relu_res[31]_i_1_n_0                   |                8 |             22 |         2.75 |
|  clk_IBUF_BUFG |                                                           | at/fc1/fc1dp/gen_mac_lane[8].relu_res[31]_i_1_n_0  |               14 |             32 |         2.29 |
|  clk_IBUF_BUFG |                                                           | at/fc1/fc1dp/gen_mac_lane[0].relu_res[31]_i_1_n_0  |                9 |             32 |         3.56 |
|  clk_IBUF_BUFG |                                                           | at/fc1/fc1dp/gen_mac_lane[10].relu_res[31]_i_1_n_0 |               11 |             32 |         2.91 |
|  clk_IBUF_BUFG |                                                           | at/fc1/fc1dp/gen_mac_lane[11].relu_res[31]_i_1_n_0 |               14 |             32 |         2.29 |
|  clk_IBUF_BUFG |                                                           | at/fc1/fc1dp/gen_mac_lane[12].relu_res[31]_i_1_n_0 |               12 |             32 |         2.67 |
|  clk_IBUF_BUFG |                                                           | at/fc1/fc1dp/gen_mac_lane[13].relu_res[31]_i_1_n_0 |               14 |             32 |         2.29 |
|  clk_IBUF_BUFG |                                                           | at/fc1/fc1dp/gen_mac_lane[14].relu_res[31]_i_1_n_0 |               12 |             32 |         2.67 |
|  clk_IBUF_BUFG |                                                           | at/fc1/fc1dp/gen_mac_lane[15].relu_res[31]_i_1_n_0 |                9 |             32 |         3.56 |
|  clk_IBUF_BUFG |                                                           | at/fc1/fc1dp/gen_mac_lane[1].relu_res[31]_i_1_n_0  |                8 |             32 |         4.00 |
|  clk_IBUF_BUFG |                                                           | at/fc1/fc1dp/gen_mac_lane[3].relu_res[31]_i_1_n_0  |               11 |             32 |         2.91 |
|  clk_IBUF_BUFG |                                                           | at/fc1/fc1dp/gen_mac_lane[4].relu_res[31]_i_1_n_0  |               13 |             32 |         2.46 |
|  clk_IBUF_BUFG |                                                           | at/fc1/fc1dp/gen_mac_lane[5].relu_res[31]_i_1_n_0  |               14 |             32 |         2.29 |
|  clk_IBUF_BUFG |                                                           | at/fc1/fc1dp/gen_mac_lane[2].relu_res[31]_i_1_n_0  |               11 |             32 |         2.91 |
|  clk_IBUF_BUFG |                                                           | at/fc1/fc1dp/gen_mac_lane[7].relu_res[31]_i_1_n_0  |               14 |             32 |         2.29 |
|  clk_IBUF_BUFG |                                                           | at/fc1/fc1dp/gen_mac_lane[6].relu_res[31]_i_1_n_0  |               10 |             32 |         3.20 |
|  clk_IBUF_BUFG |                                                           | at/fc1/fc1dp/gen_mac_lane[9].relu_res[31]_i_1_n_0  |               10 |             32 |         3.20 |
|  clk_IBUF_BUFG | at/fc1/fc1mem/gen_fc1_bank[0].data_mem[0][5][7]_i_1_n_0   |                                                    |               30 |            128 |         4.27 |
|  clk_IBUF_BUFG | at/fc1/fc1mem/gen_fc1_bank[0].data_mem[0][60][7]_i_1_n_0  |                                                    |               33 |            128 |         3.88 |
|  clk_IBUF_BUFG | at/fc1/fc1mem/gen_fc1_bank[0].data_mem[0][61][7]_i_1_n_0  |                                                    |               29 |            128 |         4.41 |
|  clk_IBUF_BUFG | at/fc1/fc1mem/gen_fc1_bank[0].data_mem[0][62][7]_i_1_n_0  |                                                    |               33 |            128 |         3.88 |
|  clk_IBUF_BUFG | at/fc1/fc1mem/gen_fc1_bank[0].data_mem[0][63][7]_i_1_n_0  |                                                    |               33 |            128 |         3.88 |
|  clk_IBUF_BUFG | at/fc1/fc1mem/gen_fc1_bank[0].data_mem[0][64][7]_i_1_n_0  |                                                    |               31 |            128 |         4.13 |
|  clk_IBUF_BUFG | at/fc1/fc1mem/gen_fc1_bank[0].data_mem[0][65][7]_i_1_n_0  |                                                    |               35 |            128 |         3.66 |
|  clk_IBUF_BUFG | at/fc1/fc1mem/gen_fc1_bank[0].data_mem[0][66][7]_i_1_n_0  |                                                    |               34 |            128 |         3.76 |
|  clk_IBUF_BUFG | at/fc1/fc1mem/gen_fc1_bank[0].data_mem[0][67][7]_i_1_n_0  |                                                    |               35 |            128 |         3.66 |
|  clk_IBUF_BUFG | at/fc1/fc1mem/gen_fc1_bank[0].data_mem[0][68][7]_i_1_n_0  |                                                    |               29 |            128 |         4.41 |
|  clk_IBUF_BUFG | at/fc1/fc1mem/gen_fc1_bank[0].data_mem[0][69][7]_i_1_n_0  |                                                    |               33 |            128 |         3.88 |
|  clk_IBUF_BUFG | at/fc1/fc1mem/gen_fc1_bank[0].data_mem[0][6][7]_i_1_n_0   |                                                    |               33 |            128 |         3.88 |
|  clk_IBUF_BUFG | at/fc1/fc1mem/gen_fc1_bank[0].data_mem[0][73][7]_i_1_n_0  |                                                    |               30 |            128 |         4.27 |
|  clk_IBUF_BUFG | at/fc1/fc1mem/gen_fc1_bank[0].data_mem[0][72][7]_i_1_n_0  |                                                    |               33 |            128 |         3.88 |
|  clk_IBUF_BUFG | at/fc1/fc1mem/gen_fc1_bank[0].data_mem[0][71][7]_i_1_n_0  |                                                    |               32 |            128 |         4.00 |
|  clk_IBUF_BUFG | at/fc1/fc1mem/gen_fc1_bank[0].data_mem[0][70][7]_i_1_n_0  |                                                    |               31 |            128 |         4.13 |
|  clk_IBUF_BUFG | at/fc1/fc1mem/gen_fc1_bank[0].data_mem[0][51][7]_i_1_n_0  |                                                    |               35 |            128 |         3.66 |
|  clk_IBUF_BUFG | at/fc1/fc1mem/gen_fc1_bank[0].data_mem[0][37][7]_i_1_n_0  |                                                    |               32 |            128 |         4.00 |
|  clk_IBUF_BUFG | at/fc1/fc1mem/gen_fc1_bank[0].data_mem[0][46][7]_i_1_n_0  |                                                    |               31 |            128 |         4.13 |
|  clk_IBUF_BUFG | at/fc1/fc1mem/gen_fc1_bank[0].data_mem[0][47][7]_i_1_n_0  |                                                    |               33 |            128 |         3.88 |
|  clk_IBUF_BUFG | at/fc1/fc1mem/gen_fc1_bank[0].data_mem[0][48][7]_i_1_n_0  |                                                    |               32 |            128 |         4.00 |
|  clk_IBUF_BUFG | at/fc1/fc1mem/gen_fc1_bank[0].data_mem[0][45][7]_i_1_n_0  |                                                    |               28 |            128 |         4.57 |
|  clk_IBUF_BUFG | at/fc1/fc1mem/gen_fc1_bank[0].data_mem[0][49][7]_i_1_n_0  |                                                    |               34 |            128 |         3.76 |
|  clk_IBUF_BUFG | at/fc1/fc1mem/gen_fc1_bank[0].data_mem[0][4][7]_i_1_n_0   |                                                    |               31 |            128 |         4.13 |
|  clk_IBUF_BUFG | at/fc1/fc1mem/gen_fc1_bank[0].data_mem[0][50][7]_i_1_n_0  |                                                    |               31 |            128 |         4.13 |
|  clk_IBUF_BUFG | at/fc1/fc1mem/gen_fc1_bank[0].data_mem[0][59][7]_i_1_n_0  |                                                    |               34 |            128 |         3.76 |
|  clk_IBUF_BUFG | at/fc1/fc1mem/gen_fc1_bank[0].data_mem[0][52][7]_i_1_n_0  |                                                    |               30 |            128 |         4.27 |
|  clk_IBUF_BUFG | at/fc1/fc1mem/gen_fc1_bank[0].data_mem[0][53][7]_i_1_n_0  |                                                    |               39 |            128 |         3.28 |
|  clk_IBUF_BUFG | at/fc1/fc1mem/gen_fc1_bank[0].data_mem[0][54][7]_i_1_n_0  |                                                    |               31 |            128 |         4.13 |
|  clk_IBUF_BUFG | at/fc1/fc1mem/gen_fc1_bank[0].data_mem[0][55][7]_i_1_n_0  |                                                    |               36 |            128 |         3.56 |
|  clk_IBUF_BUFG | at/fc1/fc1mem/gen_fc1_bank[0].data_mem[0][56][7]_i_1_n_0  |                                                    |               30 |            128 |         4.27 |
|  clk_IBUF_BUFG | at/fc1/fc1mem/gen_fc1_bank[0].data_mem[0][57][7]_i_1_n_0  |                                                    |               34 |            128 |         3.76 |
|  clk_IBUF_BUFG | at/fc1/fc1mem/gen_fc1_bank[0].data_mem[0][58][7]_i_1_n_0  |                                                    |               33 |            128 |         3.88 |
|  clk_IBUF_BUFG | at/fc1/fc1mem/gen_fc1_bank[0].data_mem[0][97][7]_i_1_n_0  |                                                    |               33 |            128 |         3.88 |
|  clk_IBUF_BUFG | at/fc1/fc1mem/gen_fc1_bank[0].data_mem[0][8][7]_i_1_n_0   |                                                    |               40 |            128 |         3.20 |
|  clk_IBUF_BUFG | at/fc1/fc1mem/gen_fc1_bank[0].data_mem[0][90][7]_i_1_n_0  |                                                    |               30 |            128 |         4.27 |
|  clk_IBUF_BUFG | at/fc1/fc1mem/gen_fc1_bank[0].data_mem[0][91][7]_i_1_n_0  |                                                    |               29 |            128 |         4.41 |
|  clk_IBUF_BUFG | at/fc1/fc1mem/gen_fc1_bank[0].data_mem[0][92][7]_i_1_n_0  |                                                    |               35 |            128 |         3.66 |
|  clk_IBUF_BUFG | at/fc1/fc1mem/gen_fc1_bank[0].data_mem[0][93][7]_i_1_n_0  |                                                    |               34 |            128 |         3.76 |
|  clk_IBUF_BUFG | at/fc1/fc1mem/gen_fc1_bank[0].data_mem[0][94][7]_i_1_n_0  |                                                    |               31 |            128 |         4.13 |
|  clk_IBUF_BUFG | at/fc1/fc1mem/gen_fc1_bank[0].data_mem[0][95][7]_i_1_n_0  |                                                    |               32 |            128 |         4.00 |
|  clk_IBUF_BUFG | at/fc1/fc1mem/gen_fc1_bank[0].data_mem[0][96][7]_i_1_n_0  |                                                    |               33 |            128 |         3.88 |
|  clk_IBUF_BUFG | at/fc1/fc1mem/gen_fc1_bank[0].data_mem[0][89][7]_i_1_n_0  |                                                    |               34 |            128 |         3.76 |
|  clk_IBUF_BUFG | at/fc1/fc1mem/gen_fc1_bank[0].data_mem[0][98][7]_i_1_n_0  |                                                    |               34 |            128 |         3.76 |
|  clk_IBUF_BUFG | at/fc1/fc1mem/gen_fc1_bank[0].data_mem[0][99][7]_i_1_n_0  |                                                    |               36 |            128 |         3.56 |
|  clk_IBUF_BUFG | at/fc1/fc1mem/gen_fc1_bank[0].data_mem[0][9][7]_i_1_n_0   |                                                    |               31 |            128 |         4.13 |
|  clk_IBUF_BUFG | at/fc1/fc1dp/E[0]                                         |                                                    |               38 |            128 |         3.37 |
|  clk_IBUF_BUFG | at/fc1/fc1dp/res_v_reg_0[0]                               |                                                    |               37 |            128 |         3.46 |
|  clk_IBUF_BUFG | at/fc1/fc1dp/res_v_reg_1[0]                               |                                                    |               40 |            128 |         3.20 |
|  clk_IBUF_BUFG | at/fc1/fc1dp/res_v_reg_2[0]                               |                                                    |               38 |            128 |         3.37 |
|  clk_IBUF_BUFG | at/fc1/fc1mem/gen_fc1_bank[0].data_mem[0][74][7]_i_1_n_0  |                                                    |               30 |            128 |         4.27 |
|  clk_IBUF_BUFG | at/fc1/fc1mem/gen_fc1_bank[0].data_mem[0][88][7]_i_1_n_0  |                                                    |               33 |            128 |         3.88 |
|  clk_IBUF_BUFG | at/fc1/fc1mem/gen_fc1_bank[0].data_mem[0][87][7]_i_1_n_0  |                                                    |               36 |            128 |         3.56 |
|  clk_IBUF_BUFG | at/fc1/fc1mem/gen_fc1_bank[0].data_mem[0][86][7]_i_1_n_0  |                                                    |               30 |            128 |         4.27 |
|  clk_IBUF_BUFG | at/fc1/fc1mem/gen_fc1_bank[0].data_mem[0][85][7]_i_1_n_0  |                                                    |               37 |            128 |         3.46 |
|  clk_IBUF_BUFG | at/fc1/fc1mem/gen_fc1_bank[0].data_mem[0][84][7]_i_1_n_0  |                                                    |               29 |            128 |         4.41 |
|  clk_IBUF_BUFG | at/fc1/fc1mem/gen_fc1_bank[0].data_mem[0][83][7]_i_1_n_0  |                                                    |               31 |            128 |         4.13 |
|  clk_IBUF_BUFG | at/fc1/fc1mem/gen_fc1_bank[0].data_mem[0][82][7]_i_1_n_0  |                                                    |               32 |            128 |         4.00 |
|  clk_IBUF_BUFG | at/fc1/fc1mem/gen_fc1_bank[0].data_mem[0][81][7]_i_1_n_0  |                                                    |               30 |            128 |         4.27 |
|  clk_IBUF_BUFG | at/fc1/fc1mem/gen_fc1_bank[0].data_mem[0][80][7]_i_1_n_0  |                                                    |               32 |            128 |         4.00 |
|  clk_IBUF_BUFG | at/fc1/fc1mem/gen_fc1_bank[0].data_mem[0][7][7]_i_1_n_0   |                                                    |               33 |            128 |         3.88 |
|  clk_IBUF_BUFG | at/fc1/fc1mem/gen_fc1_bank[0].data_mem[0][79][7]_i_1_n_0  |                                                    |               34 |            128 |         3.76 |
|  clk_IBUF_BUFG | at/fc1/fc1mem/gen_fc1_bank[0].data_mem[0][78][7]_i_1_n_0  |                                                    |               32 |            128 |         4.00 |
|  clk_IBUF_BUFG | at/fc1/fc1mem/gen_fc1_bank[0].data_mem[0][77][7]_i_1_n_0  |                                                    |               28 |            128 |         4.57 |
|  clk_IBUF_BUFG | at/fc1/fc1mem/gen_fc1_bank[0].data_mem[0][76][7]_i_1_n_0  |                                                    |               34 |            128 |         3.76 |
|  clk_IBUF_BUFG | at/fc1/fc1mem/gen_fc1_bank[0].data_mem[0][75][7]_i_1_n_0  |                                                    |               32 |            128 |         4.00 |
|  clk_IBUF_BUFG | at/fc1/fc1mem/gen_fc1_bank[0].data_mem[0][128][7]_i_1_n_0 |                                                    |               30 |            128 |         4.27 |
|  clk_IBUF_BUFG | at/fc1/fc1mem/gen_fc1_bank[0].data_mem[0][119][7]_i_1_n_0 |                                                    |               29 |            128 |         4.41 |
|  clk_IBUF_BUFG | at/fc1/fc1mem/gen_fc1_bank[0].data_mem[0][11][7]_i_1_n_0  |                                                    |               34 |            128 |         3.76 |
|  clk_IBUF_BUFG | at/fc1/fc1mem/gen_fc1_bank[0].data_mem[0][120][7]_i_1_n_0 |                                                    |               36 |            128 |         3.56 |
|  clk_IBUF_BUFG | at/fc1/fc1mem/gen_fc1_bank[0].data_mem[0][121][7]_i_1_n_0 |                                                    |               31 |            128 |         4.13 |
|  clk_IBUF_BUFG | at/fc1/fc1mem/gen_fc1_bank[0].data_mem[0][122][7]_i_1_n_0 |                                                    |               31 |            128 |         4.13 |
|  clk_IBUF_BUFG | at/fc1/fc1mem/gen_fc1_bank[0].data_mem[0][123][7]_i_1_n_0 |                                                    |               32 |            128 |         4.00 |
|  clk_IBUF_BUFG | at/fc1/fc1mem/gen_fc1_bank[0].data_mem[0][124][7]_i_1_n_0 |                                                    |               35 |            128 |         3.66 |
|  clk_IBUF_BUFG | at/fc1/fc1mem/gen_fc1_bank[0].data_mem[0][125][7]_i_1_n_0 |                                                    |               34 |            128 |         3.76 |
|  clk_IBUF_BUFG | at/fc1/fc1mem/gen_fc1_bank[0].data_mem[0][126][7]_i_1_n_0 |                                                    |               33 |            128 |         3.88 |
|  clk_IBUF_BUFG | at/fc1/fc1mem/gen_fc1_bank[0].data_mem[0][127][7]_i_1_n_0 |                                                    |               32 |            128 |         4.00 |
|  clk_IBUF_BUFG | at/fc1/fc1mem/gen_fc1_bank[0].data_mem[0][118][7]_i_1_n_0 |                                                    |               27 |            128 |         4.74 |
|  clk_IBUF_BUFG | at/fc1/fc1mem/gen_fc1_bank[0].data_mem[0][129][7]_i_1_n_0 |                                                    |               34 |            128 |         3.76 |
|  clk_IBUF_BUFG | at/fc1/fc1mem/gen_fc1_bank[0].data_mem[0][12][7]_i_1_n_0  |                                                    |               30 |            128 |         4.27 |
|  clk_IBUF_BUFG | at/fc1/fc1mem/gen_fc1_bank[0].data_mem[0][130][7]_i_1_n_0 |                                                    |               32 |            128 |         4.00 |
|  clk_IBUF_BUFG | at/fc1/fc1mem/gen_fc1_bank[0].data_mem[0][131][7]_i_1_n_0 |                                                    |               33 |            128 |         3.88 |
|  clk_IBUF_BUFG | at/fc1/fc1mem/gen_fc1_bank[0].data_mem[0][132][7]_i_1_n_0 |                                                    |               30 |            128 |         4.27 |
|  clk_IBUF_BUFG | at/fc1/fc1mem/gen_fc1_bank[0].data_mem[0][133][7]_i_1_n_0 |                                                    |               33 |            128 |         3.88 |
|  clk_IBUF_BUFG | at/fc1/fc1mem/gen_fc1_bank[0].data_mem[0][134][7]_i_1_n_0 |                                                    |               33 |            128 |         3.88 |
|  clk_IBUF_BUFG | at/fc1/fc1mem/gen_fc1_bank[0].data_mem[0][135][7]_i_1_n_0 |                                                    |               35 |            128 |         3.66 |
|  clk_IBUF_BUFG | at/fc1/fc1mem/gen_fc1_bank[0].data_mem[0][136][7]_i_1_n_0 |                                                    |               30 |            128 |         4.27 |
|  clk_IBUF_BUFG | at/fc1/fc1mem/gen_fc1_bank[0].data_mem[0][109][7]_i_1_n_0 |                                                    |               35 |            128 |         3.66 |
|  clk_IBUF_BUFG | at/fc1/fc1mem/gen_fc1_bank[0].data_mem[0][0][7]_i_1_n_0   |                                                    |               31 |            128 |         4.13 |
|  clk_IBUF_BUFG | at/fc1/fc1mem/gen_fc1_bank[0].data_mem[0][102][7]_i_1_n_0 |                                                    |               30 |            128 |         4.27 |
|  clk_IBUF_BUFG | at/fc1/fc1mem/gen_fc1_bank[0].data_mem[0][100][7]_i_1_n_0 |                                                    |               34 |            128 |         3.76 |
|  clk_IBUF_BUFG | at/fc1/fc1mem/gen_fc1_bank[0].data_mem[0][101][7]_i_1_n_0 |                                                    |               31 |            128 |         4.13 |
|  clk_IBUF_BUFG | at/fc1/fc1mem/gen_fc1_bank[0].data_mem[0][103][7]_i_1_n_0 |                                                    |               30 |            128 |         4.27 |
|  clk_IBUF_BUFG | at/fc1/fc1mem/gen_fc1_bank[0].data_mem[0][104][7]_i_1_n_0 |                                                    |               28 |            128 |         4.57 |
|  clk_IBUF_BUFG | at/fc1/fc1mem/gen_fc1_bank[0].data_mem[0][105][7]_i_1_n_0 |                                                    |               33 |            128 |         3.88 |
|  clk_IBUF_BUFG | at/fc1/fc1mem/gen_fc1_bank[0].data_mem[0][106][7]_i_1_n_0 |                                                    |               30 |            128 |         4.27 |
|  clk_IBUF_BUFG | at/fc1/fc1mem/gen_fc1_bank[0].data_mem[0][107][7]_i_1_n_0 |                                                    |               33 |            128 |         3.88 |
|  clk_IBUF_BUFG | at/fc1/fc1mem/gen_fc1_bank[0].data_mem[0][108][7]_i_1_n_0 |                                                    |               33 |            128 |         3.88 |
|  clk_IBUF_BUFG | at/fc1/fc1mem/gen_fc1_bank[0].data_mem[0][43][7]_i_1_n_0  |                                                    |               29 |            128 |         4.41 |
|  clk_IBUF_BUFG | at/fc1/fc1mem/gen_fc1_bank[0].data_mem[0][10][7]_i_1_n_0  |                                                    |               32 |            128 |         4.00 |
|  clk_IBUF_BUFG | at/fc1/fc1mem/gen_fc1_bank[0].data_mem[0][110][7]_i_1_n_0 |                                                    |               29 |            128 |         4.41 |
|  clk_IBUF_BUFG | at/fc1/fc1mem/gen_fc1_bank[0].data_mem[0][111][7]_i_1_n_0 |                                                    |               33 |            128 |         3.88 |
|  clk_IBUF_BUFG | at/fc1/fc1mem/gen_fc1_bank[0].data_mem[0][112][7]_i_1_n_0 |                                                    |               31 |            128 |         4.13 |
|  clk_IBUF_BUFG | at/fc1/fc1mem/gen_fc1_bank[0].data_mem[0][113][7]_i_1_n_0 |                                                    |               32 |            128 |         4.00 |
|  clk_IBUF_BUFG | at/fc1/fc1mem/gen_fc1_bank[0].data_mem[0][114][7]_i_1_n_0 |                                                    |               33 |            128 |         3.88 |
|  clk_IBUF_BUFG | at/fc1/fc1mem/gen_fc1_bank[0].data_mem[0][115][7]_i_1_n_0 |                                                    |               31 |            128 |         4.13 |
|  clk_IBUF_BUFG | at/fc1/fc1mem/gen_fc1_bank[0].data_mem[0][116][7]_i_1_n_0 |                                                    |               35 |            128 |         3.66 |
|  clk_IBUF_BUFG | at/fc1/fc1mem/gen_fc1_bank[0].data_mem[0][117][7]_i_1_n_0 |                                                    |               30 |            128 |         4.27 |
|  clk_IBUF_BUFG | at/fc1/fc1mem/gen_fc1_bank[0].data_mem[0][34][7]_i_1_n_0  |                                                    |               29 |            128 |         4.41 |
|  clk_IBUF_BUFG | at/fc1/fc1mem/gen_fc1_bank[0].data_mem[0][25][7]_i_1_n_0  |                                                    |               29 |            128 |         4.41 |
|  clk_IBUF_BUFG | at/fc1/fc1mem/gen_fc1_bank[0].data_mem[0][26][7]_i_1_n_0  |                                                    |               32 |            128 |         4.00 |
|  clk_IBUF_BUFG | at/fc1/fc1mem/gen_fc1_bank[0].data_mem[0][27][7]_i_1_n_0  |                                                    |               32 |            128 |         4.00 |
|  clk_IBUF_BUFG | at/fc1/fc1mem/gen_fc1_bank[0].data_mem[0][28][7]_i_1_n_0  |                                                    |               32 |            128 |         4.00 |
|  clk_IBUF_BUFG | at/fc1/fc1mem/gen_fc1_bank[0].data_mem[0][29][7]_i_1_n_0  |                                                    |               34 |            128 |         3.76 |
|  clk_IBUF_BUFG | at/fc1/fc1mem/gen_fc1_bank[0].data_mem[0][2][7]_i_1_n_0   |                                                    |               32 |            128 |         4.00 |
|  clk_IBUF_BUFG | at/fc1/fc1mem/gen_fc1_bank[0].data_mem[0][30][7]_i_1_n_0  |                                                    |               35 |            128 |         3.66 |
|  clk_IBUF_BUFG | at/fc1/fc1mem/gen_fc1_bank[0].data_mem[0][31][7]_i_1_n_0  |                                                    |               33 |            128 |         3.88 |
|  clk_IBUF_BUFG | at/fc1/fc1mem/gen_fc1_bank[0].data_mem[0][32][7]_i_1_n_0  |                                                    |               32 |            128 |         4.00 |
|  clk_IBUF_BUFG | at/fc1/fc1mem/gen_fc1_bank[0].data_mem[0][33][7]_i_1_n_0  |                                                    |               29 |            128 |         4.41 |
|  clk_IBUF_BUFG | at/fc1/fc1mem/gen_fc1_bank[0].data_mem[0][138][7]_i_1_n_0 |                                                    |               33 |            128 |         3.88 |
|  clk_IBUF_BUFG | at/fc1/fc1mem/gen_fc1_bank[0].data_mem[0][35][7]_i_1_n_0  |                                                    |               29 |            128 |         4.41 |
|  clk_IBUF_BUFG | at/fc1/fc1mem/gen_fc1_bank[0].data_mem[0][36][7]_i_1_n_0  |                                                    |               30 |            128 |         4.27 |
|  clk_IBUF_BUFG | at/fc1/fc1mem/gen_fc1_bank[0].data_mem[0][38][7]_i_1_n_0  |                                                    |               34 |            128 |         3.76 |
|  clk_IBUF_BUFG | at/fc1/fc1mem/gen_fc1_bank[0].data_mem[0][39][7]_i_1_n_0  |                                                    |               35 |            128 |         3.66 |
|  clk_IBUF_BUFG | at/fc1/fc1mem/gen_fc1_bank[0].data_mem[0][3][7]_i_1_n_0   |                                                    |               32 |            128 |         4.00 |
|  clk_IBUF_BUFG | at/fc1/fc1mem/gen_fc1_bank[0].data_mem[0][40][7]_i_1_n_0  |                                                    |               32 |            128 |         4.00 |
|  clk_IBUF_BUFG | at/fc1/fc1mem/gen_fc1_bank[0].data_mem[0][41][7]_i_1_n_0  |                                                    |               33 |            128 |         3.88 |
|  clk_IBUF_BUFG | at/fc1/fc1mem/gen_fc1_bank[0].data_mem[0][42][7]_i_1_n_0  |                                                    |               32 |            128 |         4.00 |
|  clk_IBUF_BUFG | at/fc1/fc1mem/gen_fc1_bank[0].data_mem[0][44][7]_i_1_n_0  |                                                    |               35 |            128 |         3.66 |
|  clk_IBUF_BUFG | at/fc1/fc1mem/gen_fc1_bank[0].data_mem[0][17][7]_i_1_n_0  |                                                    |               28 |            128 |         4.57 |
|  clk_IBUF_BUFG | at/fc1/fc1mem/gen_fc1_bank[0].data_mem[0][13][7]_i_1_n_0  |                                                    |               35 |            128 |         3.66 |
|  clk_IBUF_BUFG | at/fc1/fc1mem/gen_fc1_bank[0].data_mem[0][140][7]_i_1_n_0 |                                                    |               33 |            128 |         3.88 |
|  clk_IBUF_BUFG | at/fc1/fc1mem/gen_fc1_bank[0].data_mem[0][141][7]_i_1_n_0 |                                                    |               30 |            128 |         4.27 |
|  clk_IBUF_BUFG | at/fc1/fc1mem/gen_fc1_bank[0].data_mem[0][142][7]_i_1_n_0 |                                                    |               32 |            128 |         4.00 |
|  clk_IBUF_BUFG | at/fc1/fc1mem/gen_fc1_bank[0].data_mem[0][143][7]_i_1_n_0 |                                                    |               32 |            128 |         4.00 |
|  clk_IBUF_BUFG | at/fc1/fc1mem/gen_fc1_bank[0].data_mem[0][139][7]_i_1_n_0 |                                                    |               30 |            128 |         4.27 |
|  clk_IBUF_BUFG | at/fc1/fc1mem/gen_fc1_bank[0].data_mem[0][14][7]_i_1_n_0  |                                                    |               32 |            128 |         4.00 |
|  clk_IBUF_BUFG | at/fc1/fc1mem/gen_fc1_bank[0].data_mem[0][15][7]_i_1_n_0  |                                                    |               32 |            128 |         4.00 |
|  clk_IBUF_BUFG | at/fc1/fc1mem/gen_fc1_bank[0].data_mem[0][16][7]_i_1_n_0  |                                                    |               30 |            128 |         4.27 |
|  clk_IBUF_BUFG | at/fc1/fc1mem/gen_fc1_bank[0].data_mem[0][18][7]_i_1_n_0  |                                                    |               28 |            128 |         4.57 |
|  clk_IBUF_BUFG | at/fc1/fc1mem/gen_fc1_bank[0].data_mem[0][19][7]_i_1_n_0  |                                                    |               29 |            128 |         4.41 |
|  clk_IBUF_BUFG | at/fc1/fc1mem/gen_fc1_bank[0].data_mem[0][1][7]_i_1_n_0   |                                                    |               33 |            128 |         3.88 |
|  clk_IBUF_BUFG | at/fc1/fc1mem/gen_fc1_bank[0].data_mem[0][20][7]_i_1_n_0  |                                                    |               29 |            128 |         4.41 |
|  clk_IBUF_BUFG | at/fc1/fc1mem/gen_fc1_bank[0].data_mem[0][21][7]_i_1_n_0  |                                                    |               32 |            128 |         4.00 |
|  clk_IBUF_BUFG | at/fc1/fc1mem/gen_fc1_bank[0].data_mem[0][22][7]_i_1_n_0  |                                                    |               32 |            128 |         4.00 |
|  clk_IBUF_BUFG | at/fc1/fc1mem/gen_fc1_bank[0].data_mem[0][23][7]_i_1_n_0  |                                                    |               35 |            128 |         3.66 |
|  clk_IBUF_BUFG | at/fc1/fc1mem/gen_fc1_bank[0].data_mem[0][137][7]_i_1_n_0 |                                                    |               32 |            128 |         4.00 |
|  clk_IBUF_BUFG | at/fc1/fc1mem/gen_fc1_bank[0].data_mem[0][24][7]_i_1_n_0  |                                                    |               30 |            128 |         4.27 |
|  clk_IBUF_BUFG | at/fc2/done_v__0                                          | fc1/fc1dp/RSTM                                     |               90 |            320 |         3.56 |
|  clk_IBUF_BUFG | at/fc2/fc2d/res_v_reg_0[0]                                | fc1/fc1dp/RSTM                                     |              110 |            320 |         2.91 |
|  clk_IBUF_BUFG |                                                           |                                                    |               36 |            330 |         9.17 |
|  clk_IBUF_BUFG |                                                           | fc1/fc1dp/RSTM                                     |              740 |           2401 |         3.24 |
+----------------+-----------------------------------------------------------+----------------------------------------------------+------------------+----------------+--------------+


